// Jest Snapshot v1, https://goo.gl/fbAQLP

exports[`ProductCard Component should render correctly 1`] = `
<ProductBox
  entered={true}
  index={1}
  theme={
    Object {
      "breakpoints": Object {
        "min": [Function],
      },
    }
  }
>
  <ProductZoom
    theme={
      Object {
        "breakpoints": Object {
          "min": [Function],
        },
      }
    }
  >
    <LinkButton
      ariaLabel="Open quick view for \\"Title 1\\""
      onClick={[MockFunction handleClick]}
    >
      <PictureBrick
        alt="Picture Alt 1"
        link="coremedia:///image/6188/data"
        ratio="portrait_ratio5x6"
        stretch={true}
        title="Picture Title 1"
      />
    </LinkButton>
    <ProductInfo>
      <ProductName
        theme={
          Object {
            "typography": Object {
              "title6": Object {
                "color": "#000",
                "fontFamily": "Helvetica, Arial, sans-serif",
                "fontSize": "1rem",
                "fontWeight": 300,
                "lineHeight": "1.1em",
                "textTransform": "uppercase",
              },
            },
          }
        }
      >
        Title 1
      </ProductName>
      <ProductPrice
        theme={
          Object {
            "typography": Object {
              "title6": Object {
                "color": "#000",
                "fontFamily": "Helvetica, Arial, sans-serif",
                "fontSize": "1rem",
                "fontWeight": 300,
                "lineHeight": "1.1em",
                "textTransform": "uppercase",
              },
            },
          }
        }
      >
        EUR 
        100
      </ProductPrice>
    </ProductInfo>
    <ProductOptions
      theme={
        Object {
          "breakpoints": Object {
            "min": [Function],
          },
        }
      }
    >
      <Button
        onClick={[MockFunction handleClick]}
        theme={
          Object {
            "typography": Object {
              "button": Object {
                "color": "#000",
                "fontFamily": "Helvetica, Arial, sans-serif",
                "fontSize": "1rem",
                "fontWeight": 500,
                "textTransform": "none",
              },
            },
          }
        }
      >
        quick view
      </Button>
    </ProductOptions>
  </ProductZoom>
</ProductBox>
`;
