// Jest Snapshot v1, https://goo.gl/fbAQLP

exports[`ErrorBoundary Container should render ErrorBox Component 1`] = `
<ErrorBox>
  <Title3
    theme={
      Object {
        "typography": Object {
          "title3": Object {
            "color": "#000",
            "fontFamily": "Helvetica, Arial, sans-serif",
            "fontSize": "4rem",
            "fontWeight": 300,
            "lineHeight": "1.4em",
            "textTransform": "uppercase",
          },
        },
      }
    }
  >
    Something went wrong...
  </Title3>
  <Details>
    Error: I am an error message.
    <br />
    I am a componentStack.
  </Details>
</ErrorBox>
`;
