// Jest Snapshot v1, https://goo.gl/fbAQLP

exports[`TextBox Component should render correctly 1`] = `
.c0 {
  color: rgba(0,0,0,0.87);
  background-color: rgb(255,255,255);
  text-align: center;
}

@media (min-width:48em) {
  .c0 {
    position: absolute;
    width: 50%;
    height: 100%;
    left: 50%;
    top: 0%;
  }
}

<div
  className="c0"
  color="white"
>
  Content
</div>
`;
