// Jest Snapshot v1, https://goo.gl/fbAQLP

exports[`Title2 Component should render correctly 1`] = `
.c0 {
  font-family: Helvetica,Arial,sans-serif;
  font-size: 5rem;
  font-weight: 300;
  text-transform: uppercase;
  line-height: 1.5em;
  color: #000;
  margin-top: 0.75em;
}

<h2
  className="c0"
>
  Content
</h2>
`;
