// Jest Snapshot v1, https://goo.gl/fbAQLP

exports[`Button Component should render correctly 1`] = `
.c0 {
  color: inherit;
  background: inherit;
  margin: 0;
  border: 2px solid;
  padding: 0.5em 1em;
  text-align: center;
  cursor: pointer;
  font-family: Helvetica,Arial,sans-serif;
  font-size: 1rem;
  font-weight: 500;
  text-transform: none;
  color: #000;
}

<button
  className="c0"
>
  Content
</button>
`;
