// Jest Snapshot v1, https://goo.gl/fbAQLP

exports[`Title4 Component should render correctly 1`] = `
.c0 {
  font-family: Helvetica,Arial,sans-serif;
  font-size: 3rem;
  font-weight: 300;
  text-transform: uppercase;
  line-height: 1.3em;
  color: #000;
}

<h4
  className="c0"
>
  Content
</h4>
`;
