// Jest Snapshot v1, https://goo.gl/fbAQLP

exports[`Abstract Component should render correctly 1`] = `
.c1 {
  font-family: Helvetica,Arial,sans-serif;
  font-size: 1rem;
  font-weight: 300;
  text-transform: uppercase;
  line-height: 1.1em;
  color: #000;
  color: rgba(0,0,0,0.87);
}

.c0 {
  margin: 0;
  padding: 0;
  box-sizing: border-box;
  padding: 3.75em 1.875em;
  color: #000;
  background-color: #fff;
}

<div
  className="c0"
>
  <h6
    className="c1"
    color="white"
    dangerouslySetInnerHTML={
      Object {
        "__html": "Content",
      }
    }
  />
</div>
`;
