// Jest Snapshot v1, https://goo.gl/fbAQLP

exports[`Title Component should render correctly 1`] = `
.c0 {
  font-family: Helvetica,Arial,sans-serif;
  font-size: 6rem;
  font-weight: 300;
  text-transform: uppercase;
  line-height: 1.6em;
  color: #000;
  margin: 1em;
  text-align: center;
  font-weight: 700;
}

<h1
  className="c0"
>
  Content
</h1>
`;
