// Jest Snapshot v1, https://goo.gl/fbAQLP

exports[`CTA Component should render CTA using Button 1`] = `
<styled.button
  theme={
    Object {
      "typography": Object {
        "button": Object {
          "color": "#000",
          "fontFamily": "Helvetica, Arial, sans-serif",
          "fontSize": "1rem",
          "fontWeight": 500,
          "textTransform": "none",
        },
      },
    }
  }
>
  Label
</styled.button>
`;
