// Jest Snapshot v1, https://goo.gl/fbAQLP

exports[`QuickInfo Component should render correctly 1`] = `
<Modal
  contentLabel="Title"
  isOpen={true}
  onRequestClose={[MockFunction handleClose]}
  theme={
    Object {
      "breakpoints": Object {
        "min": [Function],
      },
      "palette": Object {
        "overlay": Object {
          "color": "rgba(173,173,173,0.9)",
        },
        "surface": Object {
          "color": "#fff",
        },
      },
    }
  }
>
  <CloseButton
    handleClick={[MockFunction handleClose]}
  />
  <ContentBox>
    <Title3
      theme={
        Object {
          "typography": Object {
            "title3": Object {
              "color": "#000",
              "fontFamily": "Helvetica, Arial, sans-serif",
              "fontSize": "4rem",
              "fontWeight": 300,
              "lineHeight": "1.4em",
              "textTransform": "uppercase",
            },
          },
        }
      }
    >
      Title
    </Title3>
    <ProductBox
      theme={
        Object {
          "breakpoints": Object {
            "min": [Function],
          },
        }
      }
    >
      <PictureBrick
        alt="Picture Alt"
        link="Link"
        ratio="quickview_ratio5x6"
        title="Picture Title"
      />
      <ProductInfo
        theme={
          Object {
            "breakpoints": Object {
              "min": [Function],
            },
          }
        }
      >
        <Description
          theme={
            Object {
              "typography": Object {
                "body1": Object {
                  "color": "#000",
                  "fontFamily": "Helvetica, Arial, sans-serif",
                  "fontSize": "1rem",
                  "fontWeight": 400,
                  "lineHeight": "1.31em",
                },
              },
            }
          }
        >
          Text
        </Description>
        <PriceInfo
          theme={
            Object {
              "typography": Object {
                "body1": Object {
                  "color": "#000",
                  "fontFamily": "Helvetica, Arial, sans-serif",
                  "fontSize": "1rem",
                  "fontWeight": 400,
                  "lineHeight": "1.31em",
                },
              },
            }
          }
        >
          Title EUR 100
        </PriceInfo>
        <Button
          theme={
            Object {
              "typography": Object {
                "button": Object {
                  "color": "#000",
                  "fontFamily": "Helvetica, Arial, sans-serif",
                  "fontSize": "1rem",
                  "fontWeight": 500,
                  "textTransform": "none",
                },
              },
            }
          }
        >
          order
        </Button>
      </ProductInfo>
    </ProductBox>
  </ContentBox>
</Modal>
`;
